ASxxxx Linker V03.00 + NoICE + sdld,  page 1.
Hexadecimal  [32-Bits]

Area                                    Addr        Size        Decimal Bytes (Attributes)
--------------------------------        ----        ----        ------- ----- ------------
CABS                                00000000    00000000 =           0. bytes (ABS,CON,CODE)

      Value  Global                              Global Defined In Module
      -----  --------------------------------   ------------------------
C:   00000000  l_BIT_BANK                      
C:   00000000  l_BSEG                          
C:   00000000  l_BSEG_BYTES                    
C:   00000000  l_CABS                          
C:   00000000  l_GSINIT1                       
C:   00000000  l_GSINIT5                       
C:   00000000  l_IABS                          
C:   00000000  l_PSEG                          
C:   00000000  l_REG_BANK_1                    
C:   00000000  l_REG_BANK_2                    
C:   00000000  l_REG_BANK_3                    
C:   00000000  l_RSEG                          
C:   00000000  l_RSEG0                         
C:   00000000  l_RSEG1                         
C:   00000000  l_XABS                          
C:   00000000  l_XINIT                         
C:   00000000  l_XISEG                         
C:   00000000  l_XSEG                          
C:   00000000  l__CODE                         
C:   00000000  s_BSEG                          
C:   00000000  s_CABS                          
C:   00000000  s_DSEG                          
C:   00000000  s_HOME                          
C:   00000000  s_IABS                          
C:   00000000  s_REG_BANK_0                    
C:   00000000  s_RSEG                          
C:   00000000  s_RSEG0                         
C:   00000000  s_RSEG1                         
C:   00000000  s_XABS                          
C:   00000001  s_PSEG                          
C:   00000001  s_XISEG                         
C:   00000001  s_XSEG                          
C:   00000003  l_GSFINAL                       
C:   00000003  l_GSINIT0                       
C:   00000003  l_OSEG                          
C:   00000006  l_HOME                          
C:   00000006  l_ISEG                          
C:   00000006  s_GSINIT0                       
C:   00000008  l_REG_BANK_0                    
C:   00000008  s_REG_BANK_1                    
C:   00000009  s_GSINIT1                       
C:   00000009  s_GSINIT2                       
C:   0000000A  l_GSINIT2                       
C:   00000010  s_REG_BANK_2                    
C:   00000013  s_GSINIT3                       
C:   00000018  s_BIT_BANK                      
C:   00000018  s_REG_BANK_3                    
C:   00000020  s_BSEG_BYTES                    
C:   00000020  s__CODE                         
C:   00000022  l_CONST                         
ASxxxx Linker V03.00 + NoICE + sdld,  page 2.
Hexadecimal  [32-Bits]

Area                                    Addr        Size        Decimal Bytes (Attributes)
--------------------------------        ----        ----        ------- ----- ------------
CABS                                00000000    00000000 =           0. bytes (ABS,CON,CODE)

      Value  Global                              Global Defined In Module
      -----  --------------------------------   ------------------------
C:   00000022  l_GSINIT3                       
C:   0000002A  l_GSINIT4                       
C:   00000030  l_GSINIT                        
C:   00000035  s_GSINIT4                       
C:   00000057  s_OSEG                          
C:   0000005A  s_ISEG                          
C:   0000005F  s_GSINIT                        
C:   0000005F  s_GSINIT5                       
C:   00000060  s_SSEG                          
C:   00000080  l_DSEG                          
C:   0000008F  s_GSFINAL                       
C:   00000092  s_CSEG                          
C:   000000A0  l_SSEG                          
C:   00000100  l_IRAM                          
C:   00000D0C  l_CSEG                          
C:   00000D9E  s_CONST                         
C:   00000DC0  s_XINIT                         

ASxxxx Linker V03.00 + NoICE + sdld,  page 3.
Hexadecimal  [32-Bits]

Area                                    Addr        Size        Decimal Bytes (Attributes)
--------------------------------        ----        ----        ------- ----- ------------
.  .ABS.                            00000000    00000000 =           0. bytes (ABS,CON)

      Value  Global                              Global Defined In Module
      -----  --------------------------------   ------------------------
     00000000  .__.ABS.                           _gptrput
     00000080  G$P0$0_0$0                         main
     00000080  G$P0_0$0_0$0                       main
     00000080  _P0                                main
     00000080  _P0_0                              main
     00000081  G$P0_1$0_0$0                       main
     00000081  G$SP$0_0$0                         main
     00000081  _P0_1                              main
     00000081  _SP                                main
     00000082  G$DPL$0_0$0                        main
     00000082  G$P0_2$0_0$0                       main
     00000082  _DPL                               main
     00000082  _P0_2                              main
     00000083  G$DPH$0_0$0                        main
     00000083  G$P0_3$0_0$0                       main
     00000083  _DPH                               main
     00000083  _P0_3                              main
     00000084  G$P0_4$0_0$0                       main
     00000084  _P0_4                              main
     00000085  G$P0_5$0_0$0                       main
     00000085  _P0_5                              main
     00000086  G$P0_6$0_0$0                       main
     00000086  _P0_6                              main
     00000087  G$P0_7$0_0$0                       main
     00000087  G$PCON$0_0$0                       main
     00000087  _P0_7                              main
     00000087  _PCON                              main
     00000088  G$IT0$0_0$0                        main
     00000088  G$TCON$0_0$0                       main
     00000088  _IT0                               main
     00000088  _TCON                              main
     00000089  G$IE0$0_0$0                        main
     00000089  G$TMOD$0_0$0                       main
     00000089  _IE0                               main
     00000089  _TMOD                              main
     0000008A  G$IT1$0_0$0                        main
     0000008A  G$TL0$0_0$0                        main
     0000008A  _IT1                               main
     0000008A  _TL0                               main
     0000008B  G$IE1$0_0$0                        main
     0000008B  G$TL1$0_0$0                        main
     0000008B  _IE1                               main
     0000008B  _TL1                               main
     0000008C  G$TH0$0_0$0                        main
     0000008C  G$TR0$0_0$0                        main
     0000008C  _TH0                               main
     0000008C  _TR0                               main
     0000008D  G$TF0$0_0$0                        main
     0000008D  G$TH1$0_0$0                        main
     0000008D  _TF0                               main
ASxxxx Linker V03.00 + NoICE + sdld,  page 4.
Hexadecimal  [32-Bits]

Area                                    Addr        Size        Decimal Bytes (Attributes)
--------------------------------        ----        ----        ------- ----- ------------
.  .ABS.                            00000000    00000000 =           0. bytes (ABS,CON)

      Value  Global                              Global Defined In Module
      -----  --------------------------------   ------------------------
     0000008D  _TH1                               main
     0000008E  G$TR1$0_0$0                        main
     0000008E  _TR1                               main
     0000008F  G$TF1$0_0$0                        main
     0000008F  _TF1                               main
     00000090  G$P1$0_0$0                         main
     00000090  G$P1_0$0_0$0                       main
     00000090  _P1                                main
     00000090  _P1_0                              main
     00000091  G$P1_1$0_0$0                       main
     00000091  _P1_1                              main
     00000092  G$P1_2$0_0$0                       main
     00000092  _P1_2                              main
     00000093  G$P1_3$0_0$0                       main
     00000093  _P1_3                              main
     00000094  G$P1_4$0_0$0                       main
     00000094  _P1_4                              main
     00000095  G$P1_5$0_0$0                       main
     00000095  _P1_5                              main
     00000096  G$P1_6$0_0$0                       main
     00000096  _P1_6                              main
     00000097  G$P1_7$0_0$0                       main
     00000097  _P1_7                              main
     00000098  G$RI$0_0$0                         main
     00000098  G$SCON$0_0$0                       main
     00000098  _RI                                main
     00000098  _SCON                              main
     00000099  G$SBUF$0_0$0                       main
     00000099  G$TI$0_0$0                         main
     00000099  _SBUF                              main
     00000099  _TI                                main
     0000009A  G$RB8$0_0$0                        main
     0000009A  _RB8                               main
     0000009B  G$TB8$0_0$0                        main
     0000009B  _TB8                               main
     0000009C  G$REN$0_0$0                        main
     0000009C  _REN                               main
     0000009D  G$SM2$0_0$0                        main
     0000009D  _SM2                               main
     0000009E  G$SM1$0_0$0                        main
     0000009E  _SM1                               main
     0000009F  G$SM0$0_0$0                        main
     0000009F  _SM0                               main
     000000A0  G$P2$0_0$0                         main
     000000A0  G$P2_0$0_0$0                       main
     000000A0  _P2                                main
     000000A0  _P2_0                              main
     000000A0  __XPAGE                            
     000000A1  G$P2_1$0_0$0                       main
     000000A1  _P2_1                              main
     000000A2  G$P2_2$0_0$0                       main
ASxxxx Linker V03.00 + NoICE + sdld,  page 5.
Hexadecimal  [32-Bits]

Area                                    Addr        Size        Decimal Bytes (Attributes)
--------------------------------        ----        ----        ------- ----- ------------
.  .ABS.                            00000000    00000000 =           0. bytes (ABS,CON)

      Value  Global                              Global Defined In Module
      -----  --------------------------------   ------------------------
     000000A2  _P2_2                              main
     000000A3  G$P2_3$0_0$0                       main
     000000A3  _P2_3                              main
     000000A4  G$P2_4$0_0$0                       main
     000000A4  _P2_4                              main
     000000A5  G$P2_5$0_0$0                       main
     000000A5  _P2_5                              main
     000000A6  G$P2_6$0_0$0                       main
     000000A6  _P2_6                              main
     000000A7  G$P2_7$0_0$0                       main
     000000A7  _P2_7                              main
     000000A8  G$EX0$0_0$0                        main
     000000A8  G$IE$0_0$0                         main
     000000A8  _EX0                               main
     000000A8  _IE                                main
     000000A9  G$ET0$0_0$0                        main
     000000A9  _ET0                               main
     000000AA  G$EX1$0_0$0                        main
     000000AA  _EX1                               main
     000000AB  G$ET1$0_0$0                        main
     000000AB  _ET1                               main
     000000AC  G$ES$0_0$0                         main
     000000AC  _ES                                main
     000000AF  G$EA$0_0$0                         main
     000000AF  _EA                                main
     000000B0  G$P3$0_0$0                         main
     000000B0  G$P3_0$0_0$0                       main
     000000B0  G$RXD$0_0$0                        main
     000000B0  _P3                                main
     000000B0  _P3_0                              main
     000000B0  _RXD                               main
     000000B1  G$P3_1$0_0$0                       main
     000000B1  G$TXD$0_0$0                        main
     000000B1  _P3_1                              main
     000000B1  _TXD                               main
     000000B2  G$INT0$0_0$0                       main
     000000B2  G$P3_2$0_0$0                       main
     000000B2  _INT0                              main
     000000B2  _P3_2                              main
     000000B3  G$INT1$0_0$0                       main
     000000B3  G$P3_3$0_0$0                       main
     000000B3  _INT1                              main
     000000B3  _P3_3                              main
     000000B4  G$P3_4$0_0$0                       main
     000000B4  G$T0$0_0$0                         main
     000000B4  _P3_4                              main
     000000B4  _T0                                main
     000000B5  G$P3_5$0_0$0                       main
     000000B5  G$T1$0_0$0                         main
     000000B5  _P3_5                              main
     000000B5  _T1                                main
ASxxxx Linker V03.00 + NoICE + sdld,  page 6.
Hexadecimal  [32-Bits]

Area                                    Addr        Size        Decimal Bytes (Attributes)
--------------------------------        ----        ----        ------- ----- ------------
.  .ABS.                            00000000    00000000 =           0. bytes (ABS,CON)

      Value  Global                              Global Defined In Module
      -----  --------------------------------   ------------------------
     000000B6  G$P3_6$0_0$0                       main
     000000B6  G$WR$0_0$0                         main
     000000B6  _P3_6                              main
     000000B6  _WR                                main
     000000B7  G$P3_7$0_0$0                       main
     000000B7  G$RD$0_0$0                         main
     000000B7  _P3_7                              main
     000000B7  _RD                                main
     000000B8  G$IP$0_0$0                         main
     000000B8  G$PX0$0_0$0                        main
     000000B8  _IP                                main
     000000B8  _PX0                               main
     000000B9  G$PT0$0_0$0                        main
     000000B9  _PT0                               main
     000000BA  G$PX1$0_0$0                        main
     000000BA  _PX1                               main
     000000BB  G$PT1$0_0$0                        main
     000000BB  _PT1                               main
     000000BC  G$PS$0_0$0                         main
     000000BC  _PS                                main
     000000D0  G$P$0_0$0                          main
     000000D0  G$PSW$0_0$0                        main
     000000D0  _P                                 main
     000000D0  _PSW                               main
     000000D1  G$F1$0_0$0                         main
     000000D1  _F1                                main
     000000D2  G$OV$0_0$0                         main
     000000D2  _OV                                main
     000000D3  G$RS0$0_0$0                        main
     000000D3  _RS0                               main
     000000D4  G$RS1$0_0$0                        main
     000000D4  _RS1                               main
     000000D5  G$F0$0_0$0                         main
     000000D5  _F0                                main
     000000D6  G$AC$0_0$0                         main
     000000D6  _AC                                main
     000000D7  G$CY$0_0$0                         main
     000000D7  _CY                                main
     000000E0  G$ACC$0_0$0                        main
     000000E0  _ACC                               main
     000000F0  G$B$0_0$0                          main
     000000F0  _B                                 main
     000000F5  _B_5                               _gptrput
     000000F6  _B_6                               _gptrput
     000000F7  _B_7                               _gptrput

ASxxxx Linker V03.00 + NoICE + sdld,  page 7.
Hexadecimal  [32-Bits]

Area                                    Addr        Size        Decimal Bytes (Attributes)
--------------------------------        ----        ----        ------- ----- ------------
REG_BANK_0                          00000000    00000008 =           8. bytes (REL,OVR)

      Value  Global                              Global Defined In Module
      -----  --------------------------------   ------------------------
ASxxxx Linker V03.00 + NoICE + sdld,  page 8.
Hexadecimal  [32-Bits]

Area                                    Addr        Size        Decimal Bytes (Attributes)
--------------------------------        ----        ----        ------- ----- ------------
DSEG                                00000000    00000080 =         128. bytes (REL,CON)

      Value  Global                              Global Defined In Module
      -----  --------------------------------   ------------------------
     00000008  G$smgduan$0_0$0                    main
     00000008  _smgduan                           main
     00000019  Lmain.DigDisplay$num$1_0$47        main
     00000019  _DigDisplay_PARM_2                 main
     0000001A  Lmain.main$c$1_0$53                main
     00000022  _vsprintf_PARM_2                   sprintf
     00000025  _vsprintf_PARM_3                   sprintf
     00000029  _bp                                _bp
     00000037  __print_format_PARM_2              printf_large
     0000003A  __print_format_PARM_3              printf_large
     0000003D  __print_format_PARM_4              printf_large

ASxxxx Linker V03.00 + NoICE + sdld,  page 9.
Hexadecimal  [32-Bits]

Area                                    Addr        Size        Decimal Bytes (Attributes)
--------------------------------        ----        ----        ------- ----- ------------
OSEG                                00000057    00000003 =           3. bytes (REL,OVR)

      Value  Global                              Global Defined In Module
      -----  --------------------------------   ------------------------
     00000057  __gptrput_PARM_2                   _gptrput
     00000057  __mulint_PARM_2                    _mulint

ASxxxx Linker V03.00 + NoICE + sdld,  page 10.
Hexadecimal  [32-Bits]

Area                                    Addr        Size        Decimal Bytes (Attributes)
--------------------------------        ----        ----        ------- ----- ------------
ISEG                                0000005A    00000006 =           6. bytes (REL,CON)

      Value  Global                              Global Defined In Module
      -----  --------------------------------   ------------------------
ASxxxx Linker V03.00 + NoICE + sdld,  page 11.
Hexadecimal  [32-Bits]

Area                                    Addr        Size        Decimal Bytes (Attributes)
--------------------------------        ----        ----        ------- ----- ------------
SSEG                                00000060    000000A0 =         160. bytes (REL,OVR)

      Value  Global                              Global Defined In Module
      -----  --------------------------------   ------------------------
     00000060  __start__stack                     main

ASxxxx Linker V03.00 + NoICE + sdld,  page 12.
Hexadecimal  [32-Bits]

Area                                    Addr        Size        Decimal Bytes (Attributes)
--------------------------------        ----        ----        ------- ----- ------------
HOME                                00000000    00000006 =           6. bytes (REL,CON,CODE)

      Value  Global                              Global Defined In Module
      -----  --------------------------------   ------------------------
C:   00000000  A$mainDebug\main$390               main
C:   00000003  A$mainDebug\main$430               main
C:   00000003  __sdcc_program_startup             main
ASxxxx Linker V03.00 + NoICE + sdld,  page 13.
Hexadecimal  [32-Bits]

Area                                    Addr        Size        Decimal Bytes (Attributes)
--------------------------------        ----        ----        ------- ----- ------------
GSINIT0                             00000006    00000003 =           3. bytes (REL,CON,CODE)

      Value  Global                              Global Defined In Module
      -----  --------------------------------   ------------------------
C:   00000006  __sdcc_gsinit_startup              

ASxxxx Linker V03.00 + NoICE + sdld,  page 14.
Hexadecimal  [32-Bits]

Area                                    Addr        Size        Decimal Bytes (Attributes)
--------------------------------        ----        ----        ------- ----- ------------
GSINIT2                             00000009    0000000A =          10. bytes (REL,CON,CODE)

      Value  Global                              Global Defined In Module
      -----  --------------------------------   ------------------------
ASxxxx Linker V03.00 + NoICE + sdld,  page 15.
Hexadecimal  [32-Bits]

Area                                    Addr        Size        Decimal Bytes (Attributes)
--------------------------------        ----        ----        ------- ----- ------------
GSINIT3                             00000013    00000022 =          34. bytes (REL,CON,CODE)

      Value  Global                              Global Defined In Module
      -----  --------------------------------   ------------------------
C:   00000013  __mcs51_genXINIT                   

ASxxxx Linker V03.00 + NoICE + sdld,  page 16.
Hexadecimal  [32-Bits]

Area                                    Addr        Size        Decimal Bytes (Attributes)
--------------------------------        ----        ----        ------- ----- ------------
GSINIT4                             00000035    0000002A =          42. bytes (REL,CON,CODE)

      Value  Global                              Global Defined In Module
      -----  --------------------------------   ------------------------
C:   00000035  __mcs51_genRAMCLEAR                
C:   0000003B  __mcs51_genXRAMCLEAR               

ASxxxx Linker V03.00 + NoICE + sdld,  page 17.
Hexadecimal  [32-Bits]

Area                                    Addr        Size        Decimal Bytes (Attributes)
--------------------------------        ----        ----        ------- ----- ------------
GSINIT                              0000005F    00000030 =          48. bytes (REL,CON,CODE)

      Value  Global                              Global Defined In Module
      -----  --------------------------------   ------------------------
C:   0000005F  A$mainDebug\main$406               main
C:   0000005F  C$main.c$9$1_0$53                  main
C:   00000062  A$mainDebug\main$407               main
C:   00000065  A$mainDebug\main$408               main
C:   00000068  A$mainDebug\main$409               main
C:   0000006B  A$mainDebug\main$410               main
C:   0000006E  A$mainDebug\main$411               main
C:   00000071  A$mainDebug\main$412               main
C:   00000074  A$mainDebug\main$413               main
C:   00000077  A$mainDebug\main$414               main
C:   0000007A  A$mainDebug\main$415               main
C:   0000007D  A$mainDebug\main$416               main
C:   00000080  A$mainDebug\main$417               main
C:   00000083  A$mainDebug\main$418               main
C:   00000086  A$mainDebug\main$419               main
C:   00000089  A$mainDebug\main$420               main
C:   0000008C  A$mainDebug\main$421               main

ASxxxx Linker V03.00 + NoICE + sdld,  page 18.
Hexadecimal  [32-Bits]

Area                                    Addr        Size        Decimal Bytes (Attributes)
--------------------------------        ----        ----        ------- ----- ------------
GSFINAL                             0000008F    00000003 =           3. bytes (REL,CON,CODE)

      Value  Global                              Global Defined In Module
      -----  --------------------------------   ------------------------
C:   0000008F  A$mainDebug\main$423               main

ASxxxx Linker V03.00 + NoICE + sdld,  page 19.
Hexadecimal  [32-Bits]

Area                                    Addr        Size        Decimal Bytes (Attributes)
--------------------------------        ----        ----        ------- ----- ------------
CSEG                                00000092    00000D0C =        3340. bytes (REL,CON,CODE)

      Value  Global                              Global Defined In Module
      -----  --------------------------------   ------------------------
C:   00000092  A$mainDebug\main$456               main
C:   00000092  C$main.c$12$0_0$43                 main
C:   00000092  G$delay$0$0                        main
C:   00000092  _delay                             main
C:   00000094  A$mainDebug\main$457               main
C:   00000096  A$mainDebug\main$458               main
C:   00000098  A$mainDebug\main$459               main
C:   00000099  A$mainDebug\main$463               main
C:   00000099  C$main.c$14$1_0$43                 main
C:   0000009B  A$mainDebug\main$464               main
C:   0000009D  A$mainDebug\main$465               main
C:   0000009F  A$mainDebug\main$466               main
C:   000000A1  A$mainDebug\main$467               main
C:   000000A2  A$mainDebug\main$468               main
C:   000000A5  A$mainDebug\main$469               main
C:   000000A6  A$mainDebug\main$470               main
C:   000000A9  A$mainDebug\main$471               main
C:   000000AA  A$mainDebug\main$472               main
C:   000000AD  A$mainDebug\main$473               main
C:   000000AE  A$mainDebug\main$475               main
C:   000000AF  A$mainDebug\main$476               main
C:   000000B0  A$mainDebug\main$477               main
C:   000000B1  A$mainDebug\main$478               main
C:   000000B2  A$mainDebug\main$479               main
C:   000000B4  A$mainDebug\main$484               main
C:   000000B4  C$main.c$15$1_0$43                 main
C:   000000B4  XG$delay$0$0                       main
C:   000000B5  A$mainDebug\main$498               main
C:   000000B5  C$main.c$17$1_0$45                 main
C:   000000B5  G$ShowNumber$0$0                   main
C:   000000B5  _ShowNumber                        main
C:   000000B7  A$mainDebug\main$501               main
C:   000000B7  C$main.c$18$2_0$45                 main
C:   000000B9  A$mainDebug\main$502               main
C:   000000BB  A$mainDebug\main$505               main
C:   000000BB  C$main.c$19$1_0$45                 main
C:   000000BE  A$mainDebug\main$507               main
C:   000000C0  A$mainDebug\main$508               main
C:   000000C3  A$mainDebug\main$510               main
C:   000000C4  A$mainDebug\main$511               main
C:   000000C6  A$mainDebug\main$512               main
C:   000000C8  A$mainDebug\main$513               main
C:   000000CB  A$mainDebug\main$515               main
C:   000000CC  A$mainDebug\main$516               main
C:   000000CE  A$mainDebug\main$517               main
C:   000000CF  A$mainDebug\main$518               main
C:   000000D1  A$mainDebug\main$519               main
C:   000000D2  A$mainDebug\main$520               main
C:   000000D4  A$mainDebug\main$521               main
C:   000000D5  A$mainDebug\main$522               main
ASxxxx Linker V03.00 + NoICE + sdld,  page 20.
Hexadecimal  [32-Bits]

Area                                    Addr        Size        Decimal Bytes (Attributes)
--------------------------------        ----        ----        ------- ----- ------------
CSEG                                00000092    00000D0C =        3340. bytes (REL,CON,CODE)

      Value  Global                              Global Defined In Module
      -----  --------------------------------   ------------------------
C:   000000D7  A$mainDebug\main$523               main
C:   000000D8  A$mainDebug\main$524               main
C:   000000DA  A$mainDebug\main$525               main
C:   000000DB  A$mainDebug\main$526               main
C:   0000010A  A$mainDebug\main$580               main
C:   0000010A  C$main.c$21$2_0$46                 main
C:   0000010A  C$main.c$22$2_0$46                 main
C:   0000010C  A$mainDebug\main$581               main
C:   0000010E  A$mainDebug\main$586               main
C:   0000010E  C$main.c$23$2_0$46                 main
C:   0000010E  C$main.c$24$2_0$46                 main
C:   00000110  A$mainDebug\main$590               main
C:   00000110  C$main.c$25$2_0$46                 main
C:   00000112  A$mainDebug\main$591               main
C:   00000114  A$mainDebug\main$596               main
C:   00000114  C$main.c$26$2_0$46                 main
C:   00000114  C$main.c$27$2_0$46                 main
C:   00000116  A$mainDebug\main$600               main
C:   00000116  C$main.c$28$2_0$46                 main
C:   00000118  A$mainDebug\main$601               main
C:   0000011A  A$mainDebug\main$606               main
C:   0000011A  C$main.c$29$2_0$46                 main
C:   0000011A  C$main.c$30$2_0$46                 main
C:   0000011C  A$mainDebug\main$610               main
C:   0000011C  C$main.c$31$2_0$46                 main
C:   0000011E  A$mainDebug\main$611               main
C:   00000120  A$mainDebug\main$616               main
C:   00000120  C$main.c$32$2_0$46                 main
C:   00000120  C$main.c$33$2_0$46                 main
C:   00000122  A$mainDebug\main$620               main
C:   00000122  C$main.c$34$2_0$46                 main
C:   00000124  A$mainDebug\main$621               main
C:   00000126  A$mainDebug\main$626               main
C:   00000126  C$main.c$35$2_0$46                 main
C:   00000126  C$main.c$36$2_0$46                 main
C:   00000128  A$mainDebug\main$630               main
C:   00000128  C$main.c$37$2_0$46                 main
C:   0000012A  A$mainDebug\main$631               main
C:   0000012C  A$mainDebug\main$636               main
C:   0000012C  C$main.c$38$2_0$46                 main
C:   0000012C  C$main.c$39$2_0$46                 main
C:   0000012E  A$mainDebug\main$640               main
C:   0000012E  C$main.c$40$2_0$46                 main
C:   00000130  A$mainDebug\main$641               main
C:   00000132  A$mainDebug\main$646               main
C:   00000132  C$main.c$41$2_0$46                 main
C:   00000132  C$main.c$42$2_0$46                 main
C:   00000134  A$mainDebug\main$650               main
C:   00000134  C$main.c$43$2_0$46                 main
C:   00000136  A$mainDebug\main$651               main
C:   00000138  A$mainDebug\main$656               main
ASxxxx Linker V03.00 + NoICE + sdld,  page 21.
Hexadecimal  [32-Bits]

Area                                    Addr        Size        Decimal Bytes (Attributes)
--------------------------------        ----        ----        ------- ----- ------------
CSEG                                00000092    00000D0C =        3340. bytes (REL,CON,CODE)

      Value  Global                              Global Defined In Module
      -----  --------------------------------   ------------------------
C:   00000138  C$main.c$44$2_0$46                 main
C:   00000138  C$main.c$45$2_0$46                 main
C:   0000013A  A$mainDebug\main$660               main
C:   0000013A  C$main.c$46$2_0$46                 main
C:   0000013C  A$mainDebug\main$661               main
C:   0000013E  A$mainDebug\main$666               main
C:   0000013E  C$main.c$47$2_0$46                 main
C:   0000013E  C$main.c$48$2_0$46                 main
C:   00000140  A$mainDebug\main$670               main
C:   00000140  C$main.c$49$2_0$46                 main
C:   00000142  A$mainDebug\main$671               main
C:   00000144  A$mainDebug\main$676               main
C:   00000144  C$main.c$50$2_0$46                 main
C:   00000144  C$main.c$51$2_0$46                 main
C:   00000146  A$mainDebug\main$680               main
C:   00000146  C$main.c$52$2_0$46                 main
C:   00000148  A$mainDebug\main$681               main
C:   0000014A  A$mainDebug\main$686               main
C:   0000014A  C$main.c$53$2_0$46                 main
C:   0000014A  C$main.c$54$2_0$46                 main
C:   0000014C  A$mainDebug\main$690               main
C:   0000014C  C$main.c$55$2_0$46                 main
C:   0000014E  A$mainDebug\main$691               main
C:   00000150  A$mainDebug\main$696               main
C:   00000150  C$main.c$56$2_0$46                 main
C:   00000150  C$main.c$57$2_0$46                 main
C:   00000152  A$mainDebug\main$700               main
C:   00000152  C$main.c$58$2_0$46                 main
C:   00000154  A$mainDebug\main$701               main
C:   00000156  A$mainDebug\main$706               main
C:   00000156  C$main.c$59$2_0$46                 main
C:   00000156  C$main.c$60$2_0$46                 main
C:   00000158  A$mainDebug\main$710               main
C:   00000158  C$main.c$61$2_0$46                 main
C:   0000015A  A$mainDebug\main$711               main
C:   0000015C  A$mainDebug\main$716               main
C:   0000015C  C$main.c$62$2_0$46                 main
C:   0000015C  C$main.c$63$2_0$46                 main
C:   0000015E  A$mainDebug\main$720               main
C:   0000015E  C$main.c$64$2_0$46                 main
C:   00000160  A$mainDebug\main$721               main
C:   00000162  A$mainDebug\main$726               main
C:   00000162  C$main.c$65$2_0$46                 main
C:   00000162  C$main.c$66$2_0$46                 main
C:   00000164  A$mainDebug\main$730               main
C:   00000164  C$main.c$67$2_0$46                 main
C:   00000166  A$mainDebug\main$731               main
C:   00000168  A$mainDebug\main$737               main
C:   00000168  C$main.c$69$1_0$45                 main
C:   00000168  C$main.c$71$1_0$45                 main
C:   00000169  A$mainDebug\main$738               main
ASxxxx Linker V03.00 + NoICE + sdld,  page 22.
Hexadecimal  [32-Bits]

Area                                    Addr        Size        Decimal Bytes (Attributes)
--------------------------------        ----        ----        ------- ----- ------------
CSEG                                00000092    00000D0C =        3340. bytes (REL,CON,CODE)

      Value  Global                              Global Defined In Module
      -----  --------------------------------   ------------------------
C:   0000016B  A$mainDebug\main$739               main
C:   0000016C  A$mainDebug\main$740               main
C:   0000016E  A$mainDebug\main$743               main
C:   0000016E  C$main.c$72$1_0$45                 main
C:   00000171  A$mainDebug\main$744               main
C:   00000172  A$mainDebug\main$745               main
C:   00000174  A$mainDebug\main$746               main
C:   00000177  A$mainDebug\main$749               main
C:   00000177  C$main.c$73$1_0$45                 main
C:   0000017A  A$mainDebug\main$754               main
C:   0000017A  C$main.c$74$1_0$45                 main
C:   0000017A  XG$ShowNumber$0$0                  main
C:   0000017B  A$mainDebug\main$770               main
C:   0000017B  C$main.c$76$1_0$48                 main
C:   0000017B  C$main.c$77$1_0$48                 main
C:   0000017B  G$DigDisplay$0$0                   main
C:   0000017B  _DigDisplay                        main
C:   0000017D  A$mainDebug\main$771               main
C:   0000017E  A$mainDebug\main$772               main
C:   00000180  A$mainDebug\main$773               main
C:   00000182  A$mainDebug\main$774               main
C:   00000185  A$mainDebug\main$776               main
C:   00000186  A$mainDebug\main$777               main
C:   00000188  A$mainDebug\main$778               main
C:   00000189  A$mainDebug\main$779               main
C:   0000018B  A$mainDebug\main$780               main
C:   0000018C  A$mainDebug\main$781               main
C:   0000018E  A$mainDebug\main$782               main
C:   0000018F  A$mainDebug\main$783               main
C:   00000191  A$mainDebug\main$784               main
C:   00000192  A$mainDebug\main$785               main
C:   000001A3  A$mainDebug\main$810               main
C:   000001A3  C$main.c$78$2_0$49                 main
C:   000001A3  C$main.c$79$2_0$49                 main
C:   000001A5  A$mainDebug\main$812               main
C:   000001A7  A$mainDebug\main$814               main
C:   000001A9  A$mainDebug\main$819               main
C:   000001A9  C$main.c$80$2_0$49                 main
C:   000001A9  C$main.c$81$2_0$49                 main
C:   000001AB  A$mainDebug\main$824               main
C:   000001AB  C$main.c$82$2_0$49                 main
C:   000001AD  A$mainDebug\main$826               main
C:   000001AF  A$mainDebug\main$828               main
C:   000001B1  A$mainDebug\main$833               main
C:   000001B1  C$main.c$83$2_0$49                 main
C:   000001B1  C$main.c$84$2_0$49                 main
C:   000001B3  A$mainDebug\main$838               main
C:   000001B3  C$main.c$85$2_0$49                 main
C:   000001B5  A$mainDebug\main$840               main
C:   000001B7  A$mainDebug\main$842               main
C:   000001B9  A$mainDebug\main$847               main
ASxxxx Linker V03.00 + NoICE + sdld,  page 23.
Hexadecimal  [32-Bits]

Area                                    Addr        Size        Decimal Bytes (Attributes)
--------------------------------        ----        ----        ------- ----- ------------
CSEG                                00000092    00000D0C =        3340. bytes (REL,CON,CODE)

      Value  Global                              Global Defined In Module
      -----  --------------------------------   ------------------------
C:   000001B9  C$main.c$86$2_0$49                 main
C:   000001B9  C$main.c$87$2_0$49                 main
C:   000001BB  A$mainDebug\main$852               main
C:   000001BB  C$main.c$88$2_0$49                 main
C:   000001BD  A$mainDebug\main$854               main
C:   000001BF  A$mainDebug\main$856               main
C:   000001C1  A$mainDebug\main$861               main
C:   000001C1  C$main.c$89$2_0$49                 main
C:   000001C1  C$main.c$90$2_0$49                 main
C:   000001C3  A$mainDebug\main$866               main
C:   000001C3  C$main.c$91$2_0$49                 main
C:   000001C5  A$mainDebug\main$868               main
C:   000001C7  A$mainDebug\main$870               main
C:   000001C9  A$mainDebug\main$875               main
C:   000001C9  C$main.c$92$2_0$49                 main
C:   000001C9  C$main.c$93$2_0$49                 main
C:   000001CB  A$mainDebug\main$880               main
C:   000001CB  C$main.c$94$2_0$49                 main
C:   000001CD  A$mainDebug\main$882               main
C:   000001CF  A$mainDebug\main$884               main
C:   000001D1  A$mainDebug\main$889               main
C:   000001D1  C$main.c$95$2_0$49                 main
C:   000001D1  C$main.c$96$2_0$49                 main
C:   000001D3  A$mainDebug\main$894               main
C:   000001D3  C$main.c$97$2_0$49                 main
C:   000001D5  A$mainDebug\main$896               main
C:   000001D7  A$mainDebug\main$898               main
C:   000001D9  A$mainDebug\main$903               main
C:   000001D9  C$main.c$98$2_0$49                 main
C:   000001D9  C$main.c$99$2_0$49                 main
C:   000001DB  A$mainDebug\main$908               main
C:   000001DB  C$main.c$100$2_0$49                main
C:   000001DD  A$mainDebug\main$910               main
C:   000001DF  A$mainDebug\main$912               main
C:   000001E1  A$mainDebug\main$918               main
C:   000001E1  C$main.c$103$1_0$48                main
C:   000001E1  C$main.c$104$1_0$48                main
C:   000001E4  A$mainDebug\main$919               main
C:   000001E7  A$mainDebug\main$924               main
C:   000001E7  C$main.c$105$1_0$48                main
C:   000001E7  XG$DigDisplay$0$0                  main
C:   000001E8  A$mainDebug\main$939               main
C:   000001E8  C$main.c$107$1_0$51                main
C:   000001E8  C$main.c$109$1_0$51                main
C:   000001E8  G$Display$0$0                      main
C:   000001E8  _Display                           main
C:   000001EA  A$mainDebug\main$940               main
C:   000001EC  A$mainDebug\main$941               main
C:   000001EE  A$mainDebug\main$942               main
C:   000001F1  A$mainDebug\main$943               main
C:   000001F3  A$mainDebug\main$944               main
ASxxxx Linker V03.00 + NoICE + sdld,  page 24.
Hexadecimal  [32-Bits]

Area                                    Addr        Size        Decimal Bytes (Attributes)
--------------------------------        ----        ----        ------- ----- ------------
CSEG                                00000092    00000D0C =        3340. bytes (REL,CON,CODE)

      Value  Global                              Global Defined In Module
      -----  --------------------------------   ------------------------
C:   000001F6  A$mainDebug\main$945               main
C:   000001F8  A$mainDebug\main$946               main
C:   000001FA  A$mainDebug\main$947               main
C:   000001FC  A$mainDebug\main$948               main
C:   000001FF  A$mainDebug\main$949               main
C:   00000201  A$mainDebug\main$950               main
C:   00000203  A$mainDebug\main$951               main
C:   00000205  A$mainDebug\main$954               main
C:   00000205  C$main.c$110$1_0$51                main
C:   00000207  A$mainDebug\main$955               main
C:   00000208  A$mainDebug\main$956               main
C:   00000209  A$mainDebug\main$957               main
C:   0000020A  A$mainDebug\main$958               main
C:   0000020B  A$mainDebug\main$959               main
C:   0000020C  A$mainDebug\main$960               main
C:   0000020E  A$mainDebug\main$961               main
C:   00000210  A$mainDebug\main$962               main
C:   00000212  A$mainDebug\main$963               main
C:   00000214  A$mainDebug\main$964               main
C:   00000217  A$mainDebug\main$965               main
C:   00000219  A$mainDebug\main$966               main
C:   0000021C  A$mainDebug\main$967               main
C:   0000021E  A$mainDebug\main$968               main
C:   00000220  A$mainDebug\main$969               main
C:   00000222  A$mainDebug\main$970               main
C:   00000225  A$mainDebug\main$971               main
C:   00000227  A$mainDebug\main$972               main
C:   00000229  A$mainDebug\main$973               main
C:   0000022B  A$mainDebug\main$976               main
C:   0000022B  C$main.c$111$1_0$51                main
C:   0000022D  A$mainDebug\main$977               main
C:   0000022E  A$mainDebug\main$978               main
C:   0000022F  A$mainDebug\main$979               main
C:   00000230  A$mainDebug\main$980               main
C:   00000231  A$mainDebug\main$981               main
C:   00000232  A$mainDebug\main$982               main
C:   00000234  A$mainDebug\main$983               main
C:   00000236  A$mainDebug\main$984               main
C:   00000238  A$mainDebug\main$985               main
C:   0000023A  A$mainDebug\main$986               main
C:   0000023D  A$mainDebug\main$987               main
C:   0000023F  A$mainDebug\main$988               main
C:   00000242  A$mainDebug\main$989               main
C:   00000244  A$mainDebug\main$990               main
C:   00000246  A$mainDebug\main$991               main
C:   00000248  A$mainDebug\main$992               main
C:   0000024B  A$mainDebug\main$993               main
C:   0000024D  A$mainDebug\main$994               main
C:   0000024F  A$mainDebug\main$995               main
C:   00000251  A$mainDebug\main$998               main
C:   00000251  C$main.c$112$1_0$51                main
ASxxxx Linker V03.00 + NoICE + sdld,  page 25.
Hexadecimal  [32-Bits]

Area                                    Addr        Size        Decimal Bytes (Attributes)
--------------------------------        ----        ----        ------- ----- ------------
CSEG                                00000092    00000D0C =        3340. bytes (REL,CON,CODE)

      Value  Global                              Global Defined In Module
      -----  --------------------------------   ------------------------
C:   00000253  A$mainDebug\main$999               main
C:   00000254  A$mainDebug\main$1000              main
C:   00000255  A$mainDebug\main$1001              main
C:   00000256  A$mainDebug\main$1002              main
C:   00000257  A$mainDebug\main$1003              main
C:   00000258  A$mainDebug\main$1004              main
C:   0000025A  A$mainDebug\main$1005              main
C:   0000025C  A$mainDebug\main$1006              main
C:   0000025E  A$mainDebug\main$1007              main
C:   00000260  A$mainDebug\main$1008              main
C:   00000263  A$mainDebug\main$1009              main
C:   00000265  A$mainDebug\main$1010              main
C:   00000268  A$mainDebug\main$1011              main
C:   0000026A  A$mainDebug\main$1012              main
C:   0000026C  A$mainDebug\main$1013              main
C:   0000026E  A$mainDebug\main$1014              main
C:   00000271  A$mainDebug\main$1015              main
C:   00000273  A$mainDebug\main$1016              main
C:   00000275  A$mainDebug\main$1017              main
C:   00000277  A$mainDebug\main$1020              main
C:   00000277  C$main.c$113$1_0$51                main
C:   00000279  A$mainDebug\main$1021              main
C:   0000027A  A$mainDebug\main$1022              main
C:   0000027B  A$mainDebug\main$1023              main
C:   0000027C  A$mainDebug\main$1024              main
C:   0000027D  A$mainDebug\main$1025              main
C:   0000027E  A$mainDebug\main$1026              main
C:   00000280  A$mainDebug\main$1027              main
C:   00000282  A$mainDebug\main$1028              main
C:   00000284  A$mainDebug\main$1029              main
C:   00000286  A$mainDebug\main$1030              main
C:   00000289  A$mainDebug\main$1031              main
C:   0000028B  A$mainDebug\main$1032              main
C:   0000028E  A$mainDebug\main$1033              main
C:   00000290  A$mainDebug\main$1034              main
C:   00000292  A$mainDebug\main$1035              main
C:   00000294  A$mainDebug\main$1036              main
C:   00000297  A$mainDebug\main$1037              main
C:   00000299  A$mainDebug\main$1038              main
C:   0000029B  A$mainDebug\main$1039              main
C:   0000029D  A$mainDebug\main$1042              main
C:   0000029D  C$main.c$114$1_0$51                main
C:   0000029F  A$mainDebug\main$1043              main
C:   000002A0  A$mainDebug\main$1044              main
C:   000002A1  A$mainDebug\main$1045              main
C:   000002A2  A$mainDebug\main$1046              main
C:   000002A3  A$mainDebug\main$1047              main
C:   000002A4  A$mainDebug\main$1048              main
C:   000002A6  A$mainDebug\main$1049              main
C:   000002A8  A$mainDebug\main$1050              main
C:   000002AA  A$mainDebug\main$1051              main
ASxxxx Linker V03.00 + NoICE + sdld,  page 26.
Hexadecimal  [32-Bits]

Area                                    Addr        Size        Decimal Bytes (Attributes)
--------------------------------        ----        ----        ------- ----- ------------
CSEG                                00000092    00000D0C =        3340. bytes (REL,CON,CODE)

      Value  Global                              Global Defined In Module
      -----  --------------------------------   ------------------------
C:   000002AC  A$mainDebug\main$1052              main
C:   000002AF  A$mainDebug\main$1053              main
C:   000002B1  A$mainDebug\main$1054              main
C:   000002B4  A$mainDebug\main$1055              main
C:   000002B6  A$mainDebug\main$1056              main
C:   000002B8  A$mainDebug\main$1057              main
C:   000002BA  A$mainDebug\main$1058              main
C:   000002BD  A$mainDebug\main$1059              main
C:   000002BF  A$mainDebug\main$1060              main
C:   000002C1  A$mainDebug\main$1061              main
C:   000002C3  A$mainDebug\main$1064              main
C:   000002C3  C$main.c$115$1_0$51                main
C:   000002C5  A$mainDebug\main$1065              main
C:   000002C6  A$mainDebug\main$1066              main
C:   000002C7  A$mainDebug\main$1067              main
C:   000002C8  A$mainDebug\main$1068              main
C:   000002C9  A$mainDebug\main$1069              main
C:   000002CA  A$mainDebug\main$1070              main
C:   000002CC  A$mainDebug\main$1071              main
C:   000002CE  A$mainDebug\main$1072              main
C:   000002D0  A$mainDebug\main$1073              main
C:   000002D2  A$mainDebug\main$1074              main
C:   000002D5  A$mainDebug\main$1075              main
C:   000002D7  A$mainDebug\main$1076              main
C:   000002DA  A$mainDebug\main$1077              main
C:   000002DC  A$mainDebug\main$1078              main
C:   000002DE  A$mainDebug\main$1079              main
C:   000002E0  A$mainDebug\main$1080              main
C:   000002E3  A$mainDebug\main$1081              main
C:   000002E5  A$mainDebug\main$1082              main
C:   000002E7  A$mainDebug\main$1083              main
C:   000002E9  A$mainDebug\main$1086              main
C:   000002E9  C$main.c$116$1_0$51                main
C:   000002EB  A$mainDebug\main$1087              main
C:   000002EC  A$mainDebug\main$1088              main
C:   000002ED  A$mainDebug\main$1089              main
C:   000002EE  A$mainDebug\main$1090              main
C:   000002EF  A$mainDebug\main$1091              main
C:   000002F0  A$mainDebug\main$1092              main
C:   000002F2  A$mainDebug\main$1093              main
C:   000002F4  A$mainDebug\main$1094              main
C:   000002F6  A$mainDebug\main$1095              main
C:   000002F9  A$mainDebug\main$1096              main
C:   000002FB  A$mainDebug\main$1097              main
C:   000002FE  A$mainDebug\main$1098              main
C:   00000301  A$mainDebug\main$1103              main
C:   00000301  C$main.c$117$1_0$51                main
C:   00000301  XG$Display$0$0                     main
C:   00000302  A$mainDebug\main$1122              main
C:   00000302  C$main.c$119$1_0$53                main
C:   00000302  C$main.c$121$2_0$53                main
ASxxxx Linker V03.00 + NoICE + sdld,  page 27.
Hexadecimal  [32-Bits]

Area                                    Addr        Size        Decimal Bytes (Attributes)
--------------------------------        ----        ----        ------- ----- ------------
CSEG                                00000092    00000D0C =        3340. bytes (REL,CON,CODE)

      Value  Global                              Global Defined In Module
      -----  --------------------------------   ------------------------
C:   00000302  C$main.c$122$2_0$53                main
C:   00000302  G$main$0$0                         main
C:   00000302  _main                              main
C:   00000304  A$mainDebug\main$1123              main
C:   00000306  A$mainDebug\main$1129              main
C:   00000306  C$main.c$124$1_0$53                main
C:   00000306  C$main.c$125$2_0$54                main
C:   00000308  A$mainDebug\main$1130              main
C:   0000030A  A$mainDebug\main$1131              main
C:   0000030C  A$mainDebug\main$1132              main
C:   0000030E  A$mainDebug\main$1133              main
C:   00000310  A$mainDebug\main$1134              main
C:   00000312  A$mainDebug\main$1135              main
C:   00000314  A$mainDebug\main$1136              main
C:   00000316  A$mainDebug\main$1137              main
C:   00000318  A$mainDebug\main$1138              main
C:   0000031A  A$mainDebug\main$1139              main
C:   0000031C  A$mainDebug\main$1140              main
C:   0000031E  A$mainDebug\main$1141              main
C:   00000320  A$mainDebug\main$1142              main
C:   00000322  A$mainDebug\main$1143              main
C:   00000324  A$mainDebug\main$1144              main
C:   00000326  A$mainDebug\main$1145              main
C:   00000329  A$mainDebug\main$1146              main
C:   0000032B  A$mainDebug\main$1147              main
C:   0000032D  A$mainDebug\main$1148              main
C:   0000032F  A$mainDebug\main$1149              main
C:   00000331  A$mainDebug\main$1150              main
C:   00000333  A$mainDebug\main$1153              main
C:   00000333  C$main.c$126$2_0$54                main
C:   00000334  A$mainDebug\main$1154              main
C:   00000337  A$mainDebug\main$1155              main
C:   00000338  A$mainDebug\main$1159              main
C:   00000338  C$main.c$128$2_0$54                main
C:   00000339  A$mainDebug\main$1160              main
C:   0000033A  A$mainDebug\main$1161              main
C:   0000033C  A$mainDebug\main$1162              main
C:   0000033D  A$mainDebug\main$1163              main
C:   0000033F  A$mainDebug\main$1164              main
C:   00000341  A$mainDebug\main$1165              main
C:   00000343  A$mainDebug\main$1166              main
C:   00000345  A$mainDebug\main$1167              main
C:   00000346  A$mainDebug\main$1168              main
C:   00000348  A$mainDebug\main$1169              main
C:   0000034A  A$mainDebug\main$1170              main
C:   0000034D  A$mainDebug\main$1171              main
C:   0000034F  A$mainDebug\main$1172              main
C:   00000351  A$mainDebug\main$1175              main
C:   00000351  C$main.c$129$3_0$55                main
C:   00000354  A$mainDebug\main$1176              main
C:   00000357  A$mainDebug\main$1177              main
ASxxxx Linker V03.00 + NoICE + sdld,  page 28.
Hexadecimal  [32-Bits]

Area                                    Addr        Size        Decimal Bytes (Attributes)
--------------------------------        ----        ----        ------- ----- ------------
CSEG                                00000092    00000D0C =        3340. bytes (REL,CON,CODE)

      Value  Global                              Global Defined In Module
      -----  --------------------------------   ------------------------
C:   00000359  A$mainDebug\main$1178              main
C:   0000035B  A$mainDebug\main$1179              main
C:   0000035E  A$mainDebug\main$1180              main
C:   00000360  A$mainDebug\main$1181              main
C:   00000362  A$mainDebug\main$1182              main
C:   00000364  A$mainDebug\main$1186              main
C:   00000364  C$main.c$130$2_0$54                main
C:   00000365  A$mainDebug\main$1187              main
C:   00000367  A$mainDebug\main$1188              main
C:   00000368  A$mainDebug\main$1189              main
C:   0000036A  A$mainDebug\main$1190              main
C:   0000036C  A$mainDebug\main$1191              main
C:   0000036F  A$mainDebug\main$1192              main
C:   00000371  A$mainDebug\main$1193              main
C:   00000373  A$mainDebug\main$1196              main
C:   00000373  C$main.c$131$3_0$56                main
C:   00000376  A$mainDebug\main$1197              main
C:   00000379  A$mainDebug\main$1198              main
C:   0000037B  A$mainDebug\main$1199              main
C:   0000037D  A$mainDebug\main$1200              main
C:   00000380  A$mainDebug\main$1201              main
C:   00000382  A$mainDebug\main$1202              main
C:   00000384  A$mainDebug\main$1203              main
C:   00000387  A$mainDebug\main$1207              main
C:   00000387  C$main.c$133$2_0$54                main
C:   00000388  A$mainDebug\main$1208              main
C:   00000389  A$mainDebug\main$1209              main
C:   0000038B  A$mainDebug\main$1210              main
C:   0000038C  A$mainDebug\main$1211              main
C:   0000038E  A$mainDebug\main$1212              main
C:   00000390  A$mainDebug\main$1213              main
C:   00000392  A$mainDebug\main$1216              main
C:   00000392  C$main.c$134$3_0$57                main
C:   00000395  A$mainDebug\main$1217              main
C:   00000398  A$mainDebug\main$1218              main
C:   0000039A  A$mainDebug\main$1219              main
C:   0000039C  A$mainDebug\main$1220              main
C:   0000039F  A$mainDebug\main$1221              main
C:   000003A1  A$mainDebug\main$1222              main
C:   000003A3  A$mainDebug\main$1223              main
C:   000003A6  A$mainDebug\main$1227              main
C:   000003A6  C$main.c$136$3_0$58                main
C:   000003A8  A$mainDebug\main$1228              main
C:   000003AA  A$mainDebug\main$1229              main
C:   000003AD  A$mainDebug\main$1234              main
C:   000003AD  C$main.c$139$1_0$53                main
C:   000003AD  XG$main$0$0                        main
C:   000003AE  Fmain$__str_1$0_0$0                main
C:   000003AE  Fmain$__str_2$0_0$0                main
C:   0000041E  _vsprintf                          sprintf
C:   0000045B  _sprintf                           sprintf
ASxxxx Linker V03.00 + NoICE + sdld,  page 29.
Hexadecimal  [32-Bits]

Area                                    Addr        Size        Decimal Bytes (Attributes)
--------------------------------        ----        ----        ------- ----- ------------
CSEG                                00000092    00000D0C =        3340. bytes (REL,CON,CODE)

      Value  Global                              Global Defined In Module
      -----  --------------------------------   ------------------------
C:   00000546  __print_format                     printf_large
C:   00000D2E  _strlen                            _strlen
C:   00000D46  __mulint                           _mulint
C:   00000D46  __mulint_dummy                     _mulint
C:   00000D63  __gptrget                          _gptrget
C:   00000D7F  __sdcc_external_startup            _startup
C:   00000D83  __gptrput                          _gptrput
ASxxxx Linker V03.00 + NoICE + sdld,  page 30.
Hexadecimal  [32-Bits]

Area                                    Addr        Size        Decimal Bytes (Attributes)
--------------------------------        ----        ----        ------- ----- ------------
CONST                               00000D9E    00000022 =          34. bytes (REL,CON,CODE)

      Value  Global                              Global Defined In Module
      -----  --------------------------------   ------------------------
C:   00000D9E  Fmain$__str_0$0_0$0                main

ASxxxx Linker V03.00 + NoICE + sdld,  page 31.

Files Linked                              [ module(s) ]

obj\Debug\main.rel                        [  ]


Libraries Linked                          [ object file ]

C:\Program Files\SDCC\bin\..\lib\small/mcs51.lib
                                          [ crtclear.rel ]
C:\Program Files\SDCC\bin\..\lib\small/mcs51.lib
                                          [ crtxinit.rel ]
C:\Program Files\SDCC\bin\..\lib\small/mcs51.lib
                                          [ crtxclear.rel ]
C:\Program Files\SDCC\bin\..\lib\small/libsdcc.lib
                                          [ sprintf.rel ]
C:\Program Files\SDCC\bin\..\lib\small/libsdcc.lib
                                          [ _bp.rel ]
C:\Program Files\SDCC\bin\..\lib\small/libsdcc.lib
                                          [ printf_large.rel ]
C:\Program Files\SDCC\bin\..\lib\small/mcs51.lib
                                          [ crtpagesfr.rel ]
C:\Program Files\SDCC\bin\..\lib\small/libsdcc.lib
                                          [ _strlen.rel ]
C:\Program Files\SDCC\bin\..\lib\small/libint.lib
                                          [ _mulint.rel ]
C:\Program Files\SDCC\bin\..\lib\small/mcs51.lib
                                          [ crtstart.rel ]
C:\Program Files\SDCC\bin\..\lib\small/libsdcc.lib
                                          [ _gptrget.rel ]
C:\Program Files\SDCC\bin\..\lib\small/libsdcc.lib
                                          [ _startup.rel ]
C:\Program Files\SDCC\bin\..\lib\small/libsdcc.lib
                                          [ _gptrput.rel ]

ASxxxx Linker V03.00 + NoICE + sdld,  page 32.

User Base Address Definitions

HOME = 0x0000
XSEG = 0x0001
PSEG = 0x0001
ISEG = 0x0000
BSEG = 0x0000

